// Jest Snapshot v1, https://goo.gl/fbAQLP

exports[`<Main /> should rende the heading 1`] = `
<main>
  <h1>
    React Avan√ßado
  </h1>
</main>
`;
